// Jest Snapshot v1, https://goo.gl/fbAQLP

exports[`Cards component renders correctly 1`] = `
{
  "asFragment": [Function],
  "baseElement": <body>
    <div>
      <div
        class="cards__container"
      >
        <div
          class="card"
          data-testid="card"
          id="xy10-10"
        >
          <h4
            class="card__title"
            data-testid="card-title"
          >
            Charmander
          </h4>
          <img
            class="card__image"
            data-testif="card-image"
            src="https://images.pokemontcg.io/xy10/10_hires.png""
          />
        </div>
        <div
          class="card"
          data-testid="card"
          id="bw15-12"
        >
          <h4
            class="card__title"
            data-testid="card-title"
          >
            Charizard
          </h4>
          <img
            class="card__image"
            data-testif="card-image"
            src="https://images.pokemontcg.io/bw15/12_hires.png""
          />
        </div>
      </div>
    </div>
  </body>,
  "container": <div>
    <div
      class="cards__container"
    >
      <div
        class="card"
        data-testid="card"
        id="xy10-10"
      >
        <h4
          class="card__title"
          data-testid="card-title"
        >
          Charmander
        </h4>
        <img
          class="card__image"
          data-testif="card-image"
          src="https://images.pokemontcg.io/xy10/10_hires.png""
        />
      </div>
      <div
        class="card"
        data-testid="card"
        id="bw15-12"
      >
        <h4
          class="card__title"
          data-testid="card-title"
        >
          Charizard
        </h4>
        <img
          class="card__image"
          data-testif="card-image"
          src="https://images.pokemontcg.io/bw15/12_hires.png""
        />
      </div>
    </div>
  </div>,
  "debug": [Function],
  "findAllByAltText": [Function],
  "findAllByDisplayValue": [Function],
  "findAllByLabelText": [Function],
  "findAllByPlaceholderText": [Function],
  "findAllByRole": [Function],
  "findAllByTestId": [Function],
  "findAllByText": [Function],
  "findAllByTitle": [Function],
  "findByAltText": [Function],
  "findByDisplayValue": [Function],
  "findByLabelText": [Function],
  "findByPlaceholderText": [Function],
  "findByRole": [Function],
  "findByTestId": [Function],
  "findByText": [Function],
  "findByTitle": [Function],
  "getAllByAltText": [Function],
  "getAllByDisplayValue": [Function],
  "getAllByLabelText": [Function],
  "getAllByPlaceholderText": [Function],
  "getAllByRole": [Function],
  "getAllByTestId": [Function],
  "getAllByText": [Function],
  "getAllByTitle": [Function],
  "getByAltText": [Function],
  "getByDisplayValue": [Function],
  "getByLabelText": [Function],
  "getByPlaceholderText": [Function],
  "getByRole": [Function],
  "getByTestId": [Function],
  "getByText": [Function],
  "getByTitle": [Function],
  "queryAllByAltText": [Function],
  "queryAllByDisplayValue": [Function],
  "queryAllByLabelText": [Function],
  "queryAllByPlaceholderText": [Function],
  "queryAllByRole": [Function],
  "queryAllByTestId": [Function],
  "queryAllByText": [Function],
  "queryAllByTitle": [Function],
  "queryByAltText": [Function],
  "queryByDisplayValue": [Function],
  "queryByLabelText": [Function],
  "queryByPlaceholderText": [Function],
  "queryByRole": [Function],
  "queryByTestId": [Function],
  "queryByText": [Function],
  "queryByTitle": [Function],
  "rerender": [Function],
  "unmount": [Function],
}
`;
